// Jest Snapshot v1, https://goo.gl/fbAQLP

exports[`useColumns columns returns correct result 1`] = `
Object {
  "columns": Array [
    Object {
      "id": "name",
      "isSortable": true,
      "label": "Gamme",
      "render": [Function],
    },
    Object {
      "id": "urlTemplate",
      "isSortable": true,
      "label": "URL",
      "render": [Function],
    },
    Object {
      "id": "modifiedAt",
      "isSortable": true,
      "label": "Derni√®re modification",
      "render": [Function],
    },
  ],
}
`;

exports[`useColumns renderInlineCell returns correct result 1`] = `<ForwardRef(WithStyles) />`;

exports[`useColumns renderInlineDateCell returns correct result 1`] = `
<ForwardRef(WithStyles)>
  25/12/1990 12:12
</ForwardRef(WithStyles)>
`;
