// Jest Snapshot v1, https://goo.gl/fbAQLP

exports[`EngineScreen renders correctly 1`] = `
<o
  bottombar={
    <p
      backToTopLabel="Haut de page"
    >
      <y
        color="tertiary"
        icon={null}
        label="Enregistrer"
        onClick={[Function]}
        size="large"
        startIcon={<UNDEFINED />}
        variant="contained"
      />
    </p>
  }
  titlebar={
    <withRouter(TitleBar)
      actions={
        Array [
          Object {
            "icon": Object {
              "$$typeof": Symbol(react.memo),
              "compare": null,
              "displayName": "VisibilityIcon",
              "muiName": "SvgIcon",
              "type": Object {
                "$$typeof": Symbol(react.forward_ref),
                "render": [Function],
              },
            },
            "id": "preview_engine_button",
            "label": "PrÃ©visualiser",
            "onClick": [Function],
            "size": "large",
          },
          Object {
            "icon": Object {
              "$$typeof": Symbol(react.memo),
              "compare": null,
              "displayName": "SaveIcon",
              "muiName": "SvgIcon",
              "type": Object {
                "$$typeof": Symbol(react.forward_ref),
                "render": [Function],
              },
            },
            "id": "save_engine_button",
            "label": "Enregistrer",
            "onClick": [Function],
            "size": "large",
          },
        ]
      }
      title=" d'un Moteur de Recherche : "
    />
  }
>
  <EngineForm
    engine={null}
    setEngine={[Function]}
  />
  <ServerActionBackdrop />
</o>
`;
