// Jest Snapshot v1, https://goo.gl/fbAQLP

exports[`Home renders correctly 1`] = `
<o
  bottombar={
    <p
      backToTopLabel="Haut de page"
    />
  }
  titlebar={
    <withRouter(TitleBar)
      title="Accueil"
    />
  }
>
  <HomeNavigation />
</o>
`;
