// Jest Snapshot v1, https://goo.gl/fbAQLP

exports[`EngineCreation renders correctly 1`] = `
<EngineScreen
  action={[Function]}
  engine={
    Object {
      "backgroundImages": Object {
        "0": Object {
          "isEnable": false,
          "openInNewTab": false,
        },
      },
      "inputFields": Object {
        "0": Object {
          "id": 0,
          "isEnable": false,
          "isMandatory": false,
          "parameters": Array [],
        },
        "1": Object {
          "id": 1,
          "isEnable": false,
          "isMandatory": false,
          "parameters": Array [],
        },
      },
      "isEnable": false,
      "isMarketingTextEnable": false,
    }
  }
  setEngine={[Function]}
  title="CrÃ©ation"
/>
`;
