// Jest Snapshot v1, https://goo.gl/fbAQLP

exports[`PreviewSettings renders correctly 1`] = `
<h
  fullheight={false}
  title="PrÃ©visualisation"
/>
`;
