// Jest Snapshot v1, https://goo.gl/fbAQLP

exports[`EngineEdition EngineEdition renders correctly without props 1`] = `
<EngineScreen
  action={[Function]}
  engine={Object {}}
  setEngine={[Function]}
  title="Ã©dition"
/>
`;
