// Jest Snapshot v1, https://goo.gl/fbAQLP

exports[`useColumns columns returns correct result 1`] = `
Object {
  "columns": Array [
    Object {
      "align": "left",
      "id": "scopes",
      "isSortable": true,
      "label": "GAMMES",
      "render": [Function],
    },
    Object {
      "id": "id",
      "isSortable": true,
      "label": "ID",
      "render": [Function],
    },
    Object {
      "align": "left",
      "id": "name",
      "isSortable": true,
      "label": "NOM",
      "render": [Function],
    },
    Object {
      "id": "modifiedAt",
      "isSortable": true,
      "label": "Derni√®re modif.",
      "render": [Function],
    },
    Object {
      "id": "isEnable",
      "isSortable": true,
      "label": "STATUT",
      "render": [Function],
    },
  ],
}
`;

exports[`useColumns renderInlineCell returns correct result 1`] = `
<div>
  <ForwardRef(WithStyles) />
</div>
`;

exports[`useColumns renderInlineDateCell returns correct result 1`] = `
<ForwardRef(WithStyles)>
  1990-12-25T12:12:00.000Z
</ForwardRef(WithStyles)>
`;
